  console.log
    GROQ_API_KEY not found, using rule-based scoring only

      at log (src/services/matchingService.js:13:15)

  console.log
    Groq unavailable, falling back to CV-text keyword matching

      at log (src/services/matchingService.js:68:13)

  console.log
    Groq unavailable, falling back to CV-text keyword matching

      at log (src/services/matchingService.js:68:13)

  console.log
    Groq unavailable, falling back to CV-text keyword matching

      at log (src/services/matchingService.js:68:13)

  console.log
    Groq unavailable, falling back to CV-text keyword matching

      at log (src/services/matchingService.js:68:13)

  console.log
    Groq unavailable, falling back to CV-text keyword matching

      at log (src/services/matchingService.js:68:13)

  console.log
    Groq unavailable, falling back to CV-text keyword matching

      at log (src/services/matchingService.js:68:13)

  console.log
    Groq unavailable, falling back to CV-text keyword matching

      at log (src/services/matchingService.js:68:13)

  console.log
    Groq unavailable, falling back to CV-text keyword matching

      at log (src/services/matchingService.js:68:13)

  console.log
    Groq unavailable, falling back to CV-text keyword matching

      at log (src/services/matchingService.js:68:13)

  console.log
    Groq unavailable, falling back to CV-text keyword matching

      at log (src/services/matchingService.js:68:13)

  console.log
    Groq unavailable, falling back to CV-text keyword matching

      at log (src/services/matchingService.js:68:13)

  console.log
    Groq unavailable, falling back to CV-text keyword matching

      at log (src/services/matchingService.js:68:13)

  console.log
    Groq unavailable, falling back to CV-text keyword matching

      at log (src/services/matchingService.js:68:13)

  console.log
    Groq unavailable, falling back to CV-text keyword matching

      at log (src/services/matchingService.js:68:13)

  console.log
    Groq unavailable, falling back to CV-text keyword matching

      at log (src/services/matchingService.js:68:13)

  console.log
    Groq unavailable, falling back to CV-text keyword matching

      at log (src/services/matchingService.js:68:13)

  console.log
    Groq unavailable, falling back to CV-text keyword matching

      at log (src/services/matchingService.js:68:13)

  console.log
    Groq unavailable, falling back to CV-text keyword matching

      at log (src/services/matchingService.js:68:13)

  console.log
    Groq unavailable, falling back to CV-text keyword matching

      at log (src/services/matchingService.js:68:13)

  console.log
    Groq unavailable, falling back to CV-text keyword matching

      at log (src/services/matchingService.js:68:13)

  console.log
    Groq unavailable, falling back to CV-text keyword matching

      at log (src/services/matchingService.js:68:13)

  console.log
    Groq unavailable, falling back to CV-text keyword matching

      at log (src/services/matchingService.js:68:13)

  console.log
    Groq unavailable, falling back to CV-text keyword matching

      at log (src/services/matchingService.js:68:13)

  console.log
    Groq unavailable, falling back to CV-text keyword matching

      at log (src/services/matchingService.js:68:13)

  console.log
    Groq unavailable, falling back to CV-text keyword matching

      at log (src/services/matchingService.js:68:13)

  console.log
    Groq unavailable, falling back to CV-text keyword matching

      at log (src/services/matchingService.js:68:13)

  console.log
    Groq unavailable, falling back to CV-text keyword matching

      at log (src/services/matchingService.js:68:13)

  console.log
    Groq unavailable, falling back to CV-text keyword matching

      at log (src/services/matchingService.js:68:13)

  console.log
    Groq unavailable, falling back to CV-text keyword matching

      at log (src/services/matchingService.js:68:13)

node.exe : PASS src/services/matchingService.test.js
At C:\Program Files\nodejs\npx.ps1:29 char:3
+   & $NODE_EXE $NPX_CLI_JS $args
+   ~~~~~~~~~~~~~~~~~~~~~~~~~~~~~
    + CategoryInfo          : NotSpecified: (PASS src/servic...Service.test.js:Strin 
   g) [], RemoteException
    + FullyQualifiedErrorId : NativeCommandError
 
  matchingService - calculateEligibilityScore
    Empty or Missing CV Text
      ΓêÜ should return score of 0 when cvText is empty string (14 ms)
      ΓêÜ should return score of 0 when cvText is null (1 ms)
      ΓêÜ should return score of 0 when cvText is undefined (1 ms)
      ΓêÜ should return score of 0 when cvText contains only whitespace
    CV Text Keyword Matching
      ΓêÜ should detect technical skills in CV text (49 ms)
      ΓêÜ should return 0 score when CV has no technical skills (9 ms)
      ΓêÜ should detect education keywords (3 ms)
      ΓêÜ should detect location keywords (2 ms)
      ΓêÜ should detect priority boost keywords (2 ms)
    Score Ranges and Validation
      ΓêÜ should return total score between 0 and 100 (2 ms)
      ΓêÜ skillMatch should be between 0 and 40 (1 ms)
      ΓêÜ educationMatch should be between 0 and 20 (2 ms)
      ΓêÜ locationMatch should be between 0 and 10 (3 ms)
      ΓêÜ priorityBoost should be between 0 and 30 (2 ms)
    Response Structure
      ΓêÜ should return object with required properties (3 ms)
      ΓêÜ breakdown should have all required fields (2 ms)
      ΓêÜ aiReasoning should be a non-empty string (2 ms)
      ΓêÜ breakdown values should be integers (2 ms)
    Edge Cases
      ΓêÜ should handle CV text with special characters (3 ms)
      ΓêÜ should handle case-insensitive skill matching (2 ms)
      ΓêÜ should handle very long CV text (3 ms)
      ΓêÜ should handle missing internship requirements (3 ms)
    Skill Detection
      ΓêÜ should detect JavaScript variants (js, JS, javascript) (2 ms)
      ΓêÜ should detect Node.js variants (nodejs, node) (2 ms)
      ΓêÜ should detect React variants (react, reactjs) (1 ms)
      ΓêÜ should not match non-existent skills (2 ms)
    No Requirements Specified
      ΓêÜ should give full skillMatch when no skills required (2 ms)
      ΓêÜ should give full educationMatch when no education required (2 ms)
      ΓêÜ should give full locationMatch when no location required (2 ms)
    Fallback Scoring
      ΓêÜ should fall back to rule-based scoring when AI unavailable (2 ms)
    Priority Keywords Detection
      ΓêÜ should boost score for junior level candidates (2 ms)
      ΓêÜ should boost score for fresh graduates (2 ms)
      ΓêÜ should boost score for rural background candidates (2 ms)

PASS src/routes/internshipRoute.test.js
  Internship API Integration Tests
    POST /api/internships
      ΓêÜ should create a new internship and return 201 (74 ms)
      ΓêÜ should accept Active status internship (8 ms)
    PUT /api/internships/:id
      ΓêÜ should update internship and return 200 (8 ms)
    DELETE /api/internships/:id
      ΓêÜ should delete internship and return 200 (7 ms)
    GET /api/internships/my-internships
      ΓêÜ should return organizations internship list (8 ms)
    GET /api/internships/dashboard/stats
      ΓêÜ should return dashboard statistics (8 ms)
    GET /api/internships/search
      ΓêÜ should return search results (7 ms)
      ΓêÜ should accept keyword query param (8 ms)
      ΓêÜ should accept skills and location query params (16 ms)
    GET /api/internships/:id
      ΓêÜ should return internship by id (6 ms)
    PUT /api/internships/view/:id
      ΓêÜ should increment view count (9 ms)

PASS src/services/internshipService.test.js
  createInternship
    ΓêÜ should create an internship with Draft status (no email) (10 ms)
    ΓêÜ should create an Active internship and send posted email (1 ms)
    ΓêÜ should geocode location and attach coordinates when location provided (1 ms)
    ΓêÜ should not attach coordinates when geocode returns null
    ΓêÜ should not send email when org has no email (1 ms)
  updateInternship
    ΓêÜ should return null if internship not found
    ΓêÜ should send posted email when transitioning Draft ΓåÆ Active
    ΓêÜ should send closed email when transitioning Active ΓåÆ Closed (1 ms)
    ΓêÜ should send updated email when non-status fields change on Active internship 
(1 ms)
    ΓêÜ should geocode location on update (1 ms)
  deleteInternship
    ΓêÜ should delete internship by id and organizationId (1 ms)
    ΓêÜ should return null if internship does not exist
  getInternshipByIdService
    ΓêÜ should return internship by ID (1 ms)
    ΓêÜ should throw error when internship not found (30 ms)
  getMyInternshipsService
    ΓêÜ should return all internships for an organization (1 ms)
    ΓêÜ should filter by status when provided
  incrementViewCountService
    ΓêÜ should increment view count and return updated internship (1 ms)
    ΓêÜ should throw if internship not found
  getDashboardStatsService
    ΓêÜ should return aggregated dashboard stats (1 ms)
    ΓêÜ should return acceptanceRate of 0 when no applicants
  searchInternshipsService
    ΓêÜ should return paginated internships (1 ms)
    ΓêÜ should build $or filter when keyword provided (1 ms)
    ΓêÜ should apply skills filter when skills param provided
    ΓêÜ should use $geoWithin filter when location geocodes successfully (1 ms)
    ΓêÜ should fall back to regex location filter when geocode fails

------------------------------|---------|----------|---------|---------|----------------------------------------------------
File                          | % Stmts | % Branch | % Funcs | % Lines | Uncovered Line #s                                  
------------------------------|---------|----------|---------|---------|----------------------------------------------------
All files                     |   13.52 |    11.88 |   15.95 |   13.25 |                                                    
 config                       |       0 |      100 |       0 |       0 |                                                    
  cloudinary.js               |       0 |      100 |     100 |       0 | 4-6                                                
  seed.js                     |       0 |      100 |       0 |       0 | 5-42                                               
 controllers                  |       0 |        0 |       0 |       0 |                                                    
  advisorController.js        |       0 |        0 |       0 |       0 | 6-131                                              
  applicationController.js    |       0 |        0 |       0 |       0 | 10-303                                             
  authController.js           |       0 |        0 |       0 |       0 | 7-181                                              
  careerGuidanceController.js |       0 |        0 |       0 |       0 | 6-180                                              
  courseController.js         |       0 |        0 |       0 |       0 | 4-183                                              
  internshipController.js     |       0 |      100 |       0 |       0 | 15-133                                             
  organizationController.js   |       0 |        0 |       0 |       0 | 14-277                                             
  profileController.js        |       0 |        0 |       0 |       0 | 14-335                                             
 jobs                         |       0 |        0 |       0 |       0 |                                                    
  weeklyCron.js               |       0 |        0 |       0 |       0 | 14-66                                              
 middleware                   |       0 |        0 |       0 |       0 |                                                    
  auth.js                     |       0 |        0 |       0 |       0 | 4-30                                               
  authMiddleware.js           |       0 |        0 |       0 |       0 | 4-45                                               
  chatThrottleMiddleware.js   |       0 |        0 |       0 |       0 | 5-34                                               
  fakeAuth.js                 |       0 |      100 |       0 |       0 | 3-16                                               
  roleMiddleware.js           |       0 |        0 |       0 |       0 | 1-8                                                
  uploadCV.js                 |       0 |        0 |       0 |       0 | 5-27                                               
  uploadMiddleware.js         |       0 |      100 |     100 |       0 | 3-5                                                
 models                       |   28.57 |      100 |       0 |   28.57 |                                                    
  Application.js              |       0 |      100 |       0 |       0 | 3-90                                               
  OrganizationProfile.js      |       0 |      100 |     100 |       0 | 3-70                                               
  User.js                     |     100 |      100 |     100 |     100 |                                                    
  YouthProfile.js             |       0 |      100 |     100 |       0 | 3-104                                              
  applicationModel.js         |       0 |      100 |     100 |       0 | 3-11                                               
  courseModel.js              |       0 |      100 |     100 |       0 | 3                                                  
  internship.js               |     100 |      100 |     100 |     100 |                                                    
 routes                       |   13.43 |        0 |       0 |   14.06 |                                                    
  applicationRoutes.js        |       0 |      100 |     100 |       0 | 14-27                                              
  auth.js                     |       0 |      100 |     100 |       0 | 11-24                                              
  courseRoutes.js             |       0 |      100 |     100 |       0 | 11-22                                              
  emailTestRoute.js           |       0 |        0 |       0 |       0 | 10-75                                              
  internshipRoute.js          |     100 |      100 |     100 |     100 |                                                    
  organizationRoutes.js       |       0 |      100 |     100 |       0 | 12-55                                              
  profile.js                  |       0 |      100 |     100 |       0 | 12-55                                              
 services                     |   49.55 |    40.34 |   48.14 |   49.51 |                                                    
  internshipService.js        |      97 |    84.61 |     100 |   98.86 | 23                                                 
  matchingService.js          |   60.34 |       50 |   58.82 |   62.26 | 10-11,32-37,72-142,205,218-230                     
  organizationService.js      |       0 |        0 |       0 |       0 | 1-127                                              
  profileService.js           |       0 |        0 |       0 |       0 | 3-166                                              
 tests                        |       0 |        0 |       0 |       0 |                                                    
  application.manual.js       |       0 |        0 |       0 |       0 | 4-34                                               
  scoreTest.js                |       0 |      100 |       0 |       0 | 2-104                                              
 utils                        |    9.52 |        0 |       0 |      10 |                                                    
  emailService.js             |   26.47 |        0 |       0 |   28.12 | 14-18,72-83,92-110,122-137,149-166,185-200,217-234 
  geocode.js                  |      10 |        0 |       0 |      10 | 4-26                                               
  openaiChatClient.js         |       0 |        0 |       0 |       0 | 4-66                                               
  openaiChatError.js          |       0 |        0 |       0 |       0 | 5-93                                               
  openaiConfig.js             |       0 |        0 |       0 |       0 | 6-17                                               
------------------------------|---------|----------|---------|---------|----------------------------------------------------
Jest: "global" coverage threshold for statements (30%) not met: 13.52%
Jest: "global" coverage threshold for branches (30%) not met: 11.88%
Jest: "global" coverage threshold for lines (30%) not met: 13.25%
Jest: "global" coverage threshold for functions (30%) not met: 15.95%
Test Suites: 3 passed, 3 total
Tests:       69 passed, 69 total
Snapshots:   0 total
Time:        6.599 s
Ran all test suites.
